<html>
<body>
<pre>
<h1>礦ision Build Log</h1>
<h2>Project:</h2>
C:\Users\DYS7\Desktop\100步\1-2-1-STM32F103通用工程模板V1.0\YT32B1_STM32F103_demo.uvproj
Project File Date:  08/27/2017

<h2>Output:</h2>
Build target 'Target 1'
compiling main.c...
User\main.c(29): warning:  #1-D: last line of file ends without a newline
User\main.c:   }
User\main.c:    ^
User\main.c: User\main.c: 1 warning, 0 errors
compiling delay.c...
linking...
Program Size: Code=3740 RO-data=268 RW-data=40 ZI-data=1632  
FromELF: creating hex file...
"YT32B1_STM32F103_demo.axf" - 0 Error(s), 1 Warning(s).
Build target 'Target 1'
compiling main.c...
linking...
Program Size: Code=3740 RO-data=268 RW-data=40 ZI-data=1632  
FromELF: creating hex file...
"YT32B1_STM32F103_demo.axf" - 0 Error(s), 0 Warning(s).
